src/common/socket.service.ts(1,40): error TS2307: Cannot find module 'socket.io' or its corresponding type declarations.
src/common/socket.service.ts(20,35): error TS7006: Parameter 'socket' implicitly has an 'any' type.
src/modules/chatbot/chatbot.service.ts(1,20): error TS2307: Cannot find module 'openai' or its corresponding type declarations.
